Optimizing Linkage Editor (V.10.02.01.000)        20-Sep-2018 17:15:29

*** Options ***

-subcommand=C:\WorkSpace\renesas\sh7286_hew_sim_unity\sh7286_hew_sim\SimDebug_SH2A-FPU_Func\sh7286_hew_sim.hlk
-noprelink
-rom=D=R
-nomessage
-list="C:\WorkSpace\renesas\sh7286_hew_sim_unity\sh7286_hew_sim\SimDebug_SH2A-FPU_Func\sh7286_hew_sim.map"
-show=symbol,total_size
-nooptimize
-start=DVECTTBL,DINTTBL/00,PResetPRG,PIntPRG/0800,P,C,C$BSEC,C$DSEC,D/01000,B,R/0FFF80000,BHeap/0FFF87800,S/0FFF87C00
-nologo
-input="C:\WorkSpace\renesas\sh7286_hew_sim_unity\sh7286_hew_sim\SimDebug_SH2A-FPU_Func\all_tests.obj"
-input="C:\WorkSpace\renesas\sh7286_hew_sim_unity\sh7286_hew_sim\SimDebug_SH2A-FPU_Func\dbsct.obj"
-input="C:\WorkSpace\renesas\sh7286_hew_sim_unity\sh7286_hew_sim\SimDebug_SH2A-FPU_Func\intprg.obj"
-input="C:\WorkSpace\renesas\sh7286_hew_sim_unity\sh7286_hew_sim\SimDebug_SH2A-FPU_Func\lowlvl.obj"
-input="C:\WorkSpace\renesas\sh7286_hew_sim_unity\sh7286_hew_sim\SimDebug_SH2A-FPU_Func\lowsrc.obj"
-input="C:\WorkSpace\renesas\sh7286_hew_sim_unity\sh7286_hew_sim\SimDebug_SH2A-FPU_Func\ProductionCode.obj"
-input="C:\WorkSpace\renesas\sh7286_hew_sim_unity\sh7286_hew_sim\SimDebug_SH2A-FPU_Func\ProductionCode2.obj"
-input="C:\WorkSpace\renesas\sh7286_hew_sim_unity\sh7286_hew_sim\SimDebug_SH2A-FPU_Func\resetprg.obj"
-input="C:\WorkSpace\renesas\sh7286_hew_sim_unity\sh7286_hew_sim\SimDebug_SH2A-FPU_Func\sbrk.obj"
-input="C:\WorkSpace\renesas\sh7286_hew_sim_unity\sh7286_hew_sim\SimDebug_SH2A-FPU_Func\sh7286_hew_sim.obj"
-input="C:\WorkSpace\renesas\sh7286_hew_sim_unity\sh7286_hew_sim\SimDebug_SH2A-FPU_Func\TestProductionCode.obj"
-input="C:\WorkSpace\renesas\sh7286_hew_sim_unity\sh7286_hew_sim\SimDebug_SH2A-FPU_Func\TestProductionCode2.obj"
-input="C:\WorkSpace\renesas\sh7286_hew_sim_unity\sh7286_hew_sim\SimDebug_SH2A-FPU_Func\TestProductionCode2_Runner.obj"
-input="C:\WorkSpace\renesas\sh7286_hew_sim_unity\sh7286_hew_sim\SimDebug_SH2A-FPU_Func\TestProductionCode_Runner.obj"
-input="C:\WorkSpace\renesas\sh7286_hew_sim_unity\sh7286_hew_sim\SimDebug_SH2A-FPU_Func\unity.obj"
-input="C:\WorkSpace\renesas\sh7286_hew_sim_unity\sh7286_hew_sim\SimDebug_SH2A-FPU_Func\unity_fixture.obj"
-input="C:\WorkSpace\renesas\sh7286_hew_sim_unity\sh7286_hew_sim\SimDebug_SH2A-FPU_Func\vecttbl.obj"
-library="C:\WorkSpace\renesas\sh7286_hew_sim_unity\sh7286_hew_sim\SimDebug_SH2A-FPU_Func\sh7286_hew_sim.lib"
-output="C:\WorkSpace\renesas\sh7286_hew_sim_unity\sh7286_hew_sim\SimDebug_SH2A-FPU_Func\sh7286_hew_sim.abs"
-end

*** Error information ***

*** Mapping List ***

SECTION                            START      END         SIZE   ALIGN

DVECTTBL
                                  00000000  0000000f        10   4
DINTTBL
                                  00000010  000007ff       7f0   4
PResetPRG
                                  00000800  00000873        74   4
PIntPRG
                                  00000874  00000adf       26c   4
P
                                  00001000  000080a9      70aa   4
C
                                  000080ac  00008d0f       c64   4
C$BSEC
                                  00008d10  00008d17         8   4
C$DSEC
                                  00008d18  00008d23         c   4
D
                                  00008d24  00008d63        40   4
B
                                  fff80000  fff8027f       280   4
R
                                  fff80280  fff802bf        40   4
BHeap
                                  fff87800  fff87bff       400   4
S
                                  fff87c00  fff87fff       400   4

*** Total Section Size ***

RAMDATA SECTION:  00000ac0 Byte(s)
ROMDATA SECTION:  000014b8 Byte(s)
PROGRAM SECTION:  0000738a Byte(s)

*** Symbol List ***

SECTION=
FILE=                               START        END    SIZE
  SYMBOL                            ADDR        SIZE    INFO      COUNTS  OPT

SECTION=DVECTTBL
FILE=C:\WorkSpace\renesas\sh7286_hew_sim_unity\sh7286_hew_sim\SimDebug_SH2A-FPU_Func\vecttbl.obj
                                  00000000  0000000f        10
  _RESET_Vectors
                                  00000000        10   data ,g         * 

SECTION=DINTTBL
FILE=C:\WorkSpace\renesas\sh7286_hew_sim_unity\sh7286_hew_sim\SimDebug_SH2A-FPU_Func\vecttbl.obj
                                  00000010  000007ff       7f0
  _INT_Vectors
                                  00000010       7f0   data ,g         * 

SECTION=PResetPRG
FILE=C:\WorkSpace\renesas\sh7286_hew_sim_unity\sh7286_hew_sim\SimDebug_SH2A-FPU_Func\resetprg.obj
                                  00000800  00000873        74
  _PowerON_Reset_PC
                                  00000800        46   entry,g         * 
  _Manual_Reset_PC
                                  00000846        2e   func ,g         * 

SECTION=PIntPRG
FILE=C:\WorkSpace\renesas\sh7286_hew_sim_unity\sh7286_hew_sim\SimDebug_SH2A-FPU_Func\intprg.obj
                                  00000874  00000adf       26c
  _INT_Illegal_code
                                  00000874         4   func ,g         * 
  _INT_Illegal_slot
                                  00000878         4   func ,g         * 
  _INT_CPU_Address
                                  0000087c         4   func ,g         * 
  _INT_DMAC_Address
                                  00000880         4   func ,g         * 
  _INT_NMI
                                  00000884         4   func ,g         * 
  _INT_User_Break
                                  00000888         4   func ,g         * 
  _INT_HUDI
                                  0000088c         4   func ,g         * 
  _INT_Bank_Overflow
                                  00000890         4   func ,g         * 
  _INT_Bank_Underflow
                                  00000894         4   func ,g         * 
  _INT_Divide_by_Zero
                                  00000898         4   func ,g         * 
  _INT_Divide_Overflow
                                  0000089c         4   func ,g         * 
  _INT_TRAPA32
                                  000008a0         4   func ,g         * 
  _INT_TRAPA33
                                  000008a4         4   func ,g         * 
  _INT_TRAPA34
                                  000008a8         4   func ,g         * 
  _INT_TRAPA35
                                  000008ac         4   func ,g         * 
  _INT_TRAPA36
                                  000008b0         4   func ,g         * 
  _INT_TRAPA37
                                  000008b4         4   func ,g         * 
  _INT_TRAPA38
                                  000008b8         4   func ,g         * 
  _INT_TRAPA39
                                  000008bc         4   func ,g         * 
  _INT_TRAPA40
                                  000008c0         4   func ,g         * 
  _INT_TRAPA41
                                  000008c4         4   func ,g         * 
  _INT_TRAPA42
                                  000008c8         4   func ,g         * 
  _INT_TRAPA43
                                  000008cc         4   func ,g         * 
  _INT_TRAPA44
                                  000008d0         4   func ,g         * 
  _INT_TRAPA45
                                  000008d4         4   func ,g         * 
  _INT_TRAPA46
                                  000008d8         4   func ,g         * 
  _INT_TRAPA47
                                  000008dc         4   func ,g         * 
  _INT_TRAPA48
                                  000008e0         4   func ,g         * 
  _INT_TRAPA49
                                  000008e4         4   func ,g         * 
  _INT_TRAPA50
                                  000008e8         4   func ,g         * 
  _INT_TRAPA51
                                  000008ec         4   func ,g         * 
  _INT_TRAPA52
                                  000008f0         4   func ,g         * 
  _INT_TRAPA53
                                  000008f4         4   func ,g         * 
  _INT_TRAPA54
                                  000008f8         4   func ,g         * 
  _INT_TRAPA55
                                  000008fc         4   func ,g         * 
  _INT_TRAPA56
                                  00000900         4   func ,g         * 
  _INT_TRAPA57
                                  00000904         4   func ,g         * 
  _INT_TRAPA58
                                  00000908         4   func ,g         * 
  _INT_TRAPA59
                                  0000090c         4   func ,g         * 
  _INT_TRAPA60
                                  00000910         4   func ,g         * 
  _INT_TRAPA61
                                  00000914         4   func ,g         * 
  _INT_TRAPA62
                                  00000918         4   func ,g         * 
  _INT_TRAPA63
                                  0000091c         4   func ,g         * 
  _INT_IRQ0
                                  00000920         4   func ,g         * 
  _INT_IRQ1
                                  00000924         4   func ,g         * 
  _INT_IRQ2
                                  00000928         4   func ,g         * 
  _INT_IRQ3
                                  0000092c         4   func ,g         * 
  _INT_IRQ4
                                  00000930         4   func ,g         * 
  _INT_IRQ5
                                  00000934         4   func ,g         * 
  _INT_IRQ6
                                  00000938         4   func ,g         * 
  _INT_IRQ7
                                  0000093c         4   func ,g         * 
  _INT_ADC_ADI0
                                  00000940         4   func ,g         * 
  _INT_ADC_ADI1
                                  00000944         4   func ,g         * 
  _INT_ADC_ADI2
                                  00000948         4   func ,g         * 
  _INT_RCAN_ERS0
                                  0000094c         4   func ,g         * 
  _INT_RCAN_OVR0
                                  00000950         4   func ,g         * 
  _INT_RCAN_RM0
                                  00000954         4   func ,g         * 
  _INT_RCAN_SLE0
                                  00000958         4   func ,g         * 
  _INT_DMAC0_DEI0
                                  0000095c         4   func ,g         * 
  _INT_DMAC0_HEI0
                                  00000960         4   func ,g         * 
  _INT_DMAC1_DEI1
                                  00000964         4   func ,g         * 
  _INT_DMAC1_HEI1
                                  00000968         4   func ,g         * 
  _INT_DMAC2_DEI2
                                  0000096c         4   func ,g         * 
  _INT_DMAC2_HEI2
                                  00000970         4   func ,g         * 
  _INT_DMAC3_DEI3
                                  00000974         4   func ,g         * 
  _INT_DMAC3_HEI3
                                  00000978         4   func ,g         * 
  _INT_DMAC4_DEI4
                                  0000097c         4   func ,g         * 
  _INT_DMAC4_HEI4
                                  00000980         4   func ,g         * 
  _INT_DMAC5_DEI5
                                  00000984         4   func ,g         * 
  _INT_DMAC5_HEI5
                                  00000988         4   func ,g         * 
  _INT_DMAC6_DEI6
                                  0000098c         4   func ,g         * 
  _INT_DMAC6_HEI6
                                  00000990         4   func ,g         * 
  _INT_DMAC7_DEI7
                                  00000994         4   func ,g         * 
  _INT_DMAC7_HEI7
                                  00000998         4   func ,g         * 
  _INT_CMT_CMI0
                                  0000099c         4   func ,g         * 
  _INT_CMT_CMI1
                                  000009a0         4   func ,g         * 
  _INT_BSC_CMI
                                  000009a4         4   func ,g         * 
  _INT_WDT_ITI
                                  000009a8         4   func ,g         * 
  _INT_USB_EP1_FULL_END
                                  000009ac         4   func ,g         * 
  _INT_USB_EP2_EMPTY_END
                                  000009b0         4   func ,g         * 
  _INT_MTU2_MTU0_TGIA0
                                  000009b4         4   func ,g         * 
  _INT_MTU2_MTU0_TGIB0
                                  000009b8         4   func ,g         * 
  _INT_MTU2_MTU0_TGIC0
                                  000009bc         4   func ,g         * 
  _INT_MTU2_MTU0_TGID0
                                  000009c0         4   func ,g         * 
  _INT_MTU2_MTU0_TCIV0
                                  000009c4         4   func ,g         * 
  _INT_MTU2_MTU0_TGIE0
                                  000009c8         4   func ,g         * 
  _INT_MTU2_MTU0_TGIF0
                                  000009cc         4   func ,g         * 
  _INT_MTU2_MTU1_TGIA1
                                  000009d0         4   func ,g         * 
  _INT_MTU2_MTU1_TGIB1
                                  000009d4         4   func ,g         * 
  _INT_MTU2_MTU1_TCIV1
                                  000009d8         4   func ,g         * 
  _INT_MTU2_MTU1_TCIU1
                                  000009dc         4   func ,g         * 
  _INT_MTU2_MTU2_TGIA2
                                  000009e0         4   func ,g         * 
  _INT_MTU2_MTU2_TGIB2
                                  000009e4         4   func ,g         * 
  _INT_MTU2_MTU2_TCIV2
                                  000009e8         4   func ,g         * 
  _INT_MTU2_MTU2_TCIU2
                                  000009ec         4   func ,g         * 
  _INT_MTU2_MTU3_TGIA3
                                  000009f0         4   func ,g         * 
  _INT_MTU2_MTU3_TGIB3
                                  000009f4         4   func ,g         * 
  _INT_MTU2_MTU3_TGIC3
                                  000009f8         4   func ,g         * 
  _INT_MTU2_MTU3_TGID3
                                  000009fc         4   func ,g         * 
  _INT_MTU2_MTU3_TCIV3
                                  00000a00         4   func ,g         * 
  _INT_MTU2_MTU4_TGIA4
                                  00000a04         4   func ,g         * 
  _INT_MTU2_MTU4_TGIB4
                                  00000a08         4   func ,g         * 
  _INT_MTU2_MTU4_TGIC4
                                  00000a0c         4   func ,g         * 
  _INT_MTU2_MTU4_TGID4
                                  00000a10         4   func ,g         * 
  _INT_MTU2_MTU4_TCIV4
                                  00000a14         4   func ,g         * 
  _INT_MTU2_MTU5_TGIU5
                                  00000a18         4   func ,g         * 
  _INT_MTU2_MTU5_TGIV5
                                  00000a1c         4   func ,g         * 
  _INT_MTU2_MTU5_TGIW5
                                  00000a20         4   func ,g         * 
  _INT_POE2_OEI1
                                  00000a24         4   func ,g         * 
  _INT_POE2_OEI2
                                  00000a28         4   func ,g         * 
  _INT_MTU2S_MTU3S_TGIA3
                                  00000a2c         4   func ,g         * 
  _INT_MTU2S_MTU3S_TGIB3
                                  00000a30         4   func ,g         * 
  _INT_MTU2S_MTU3S_TGIC3
                                  00000a34         4   func ,g         * 
  _INT_MTU2S_MTU3S_TGID3
                                  00000a38         4   func ,g         * 
  _INT_MTU2S_MTU3S_TCIV3
                                  00000a3c         4   func ,g         * 
  _INT_MTU2S_MTU4S_TGIA4
                                  00000a40         4   func ,g         * 
  _INT_MTU2S_MTU4S_TGIB4
                                  00000a44         4   func ,g         * 
  _INT_MTU2S_MTU4S_TGIC4
                                  00000a48         4   func ,g         * 
  _INT_MTU2S_MTU4S_TGID4
                                  00000a4c         4   func ,g         * 
  _INT_MTU2S_MTU4S_TCIV4
                                  00000a50         4   func ,g         * 
  _INT_MTU2S_MTU5S_TGIU5
                                  00000a54         4   func ,g         * 
  _INT_MTU2S_MTU5S_TGIV5
                                  00000a58         4   func ,g         * 
  _INT_MTU2S_MTU5S_TGIW5
                                  00000a5c         4   func ,g         * 
  _INT_POE2_OEI3
                                  00000a60         4   func ,g         * 
  _INT_USB_USI0
                                  00000a64         4   func ,g         * 
  _INT_USB_USI1
                                  00000a68         4   func ,g         * 
  _INT_IIC3_STPI
                                  00000a6c         4   func ,g         * 
  _INT_IIC3_NAKI
                                  00000a70         4   func ,g         * 
  _INT_IIC3_RXI
                                  00000a74         4   func ,g         * 
  _INT_IIC3_TXI
                                  00000a78         4   func ,g         * 
  _INT_IIC3_TEI
                                  00000a7c         4   func ,g         * 
  _INT_SSU_SSERI
                                  00000a80         4   func ,g         * 
  _INT_SSU_SSRXI
                                  00000a84         4   func ,g         * 
  _INT_SSU_SSTXI
                                  00000a88         4   func ,g         * 
  _INT_SCI_SCI4_ERI4
                                  00000a8c         4   func ,g         * 
  _INT_SCI_SCI4_RXI4
                                  00000a90         4   func ,g         * 
  _INT_SCI_SCI4_TXI4
                                  00000a94         4   func ,g         * 
  _INT_SCI_SCI4_TEI4
                                  00000a98         4   func ,g         * 
  _INT_SCI_SCI0_ERI0
                                  00000a9c         4   func ,g         * 
  _INT_SCI_SCI0_RXI0
                                  00000aa0         4   func ,g         * 
  _INT_SCI_SCI0_TXI0
                                  00000aa4         4   func ,g         * 
  _INT_SCI_SCI0_TEI0
                                  00000aa8         4   func ,g         * 
  _INT_SCI_SCI1_ERI1
                                  00000aac         4   func ,g         * 
  _INT_SCI_SCI1_RXI1
                                  00000ab0         4   func ,g         * 
  _INT_SCI_SCI1_TXI1
                                  00000ab4         4   func ,g         * 
  _INT_SCI_SCI1_TEI1
                                  00000ab8         4   func ,g         * 
  _INT_SCI_SCI2_ERI2
                                  00000abc         4   func ,g         * 
  _INT_SCI_SCI2_RXI2
                                  00000ac0         4   func ,g         * 
  _INT_SCI_SCI2_TXI2
                                  00000ac4         4   func ,g         * 
  _INT_SCI_SCI2_TEI2
                                  00000ac8         4   func ,g         * 
  _INT_SCIF_SCIF3_BRI3
                                  00000acc         4   func ,g         * 
  _INT_SCIF_SCIF3_ERI3
                                  00000ad0         4   func ,g         * 
  _INT_SCIF_SCIF3_RXI3
                                  00000ad4         4   func ,g         * 
  _INT_SCIF_SCIF3_TXI3
                                  00000ad8         4   func ,g         * 
  _Dummy
                                  00000adc         4   func ,g         * 

SECTION=P
FILE=C:\WorkSpace\renesas\sh7286_hew_sim_unity\sh7286_hew_sim\SimDebug_SH2A-FPU_Func\all_tests.obj
                                  00001000  0000103b        3c
  _RunAllTests
                                  00001000         c   func ,l         * 
  _TestProduction_main
                                  0000100c        30   func ,g         * 
FILE=C:\WorkSpace\renesas\sh7286_hew_sim_unity\sh7286_hew_sim\SimDebug_SH2A-FPU_Func\lowlvl.obj
                                  0000103c  0000107b        40
  _charput
                                  0000103c         0   none ,g         * 
  O_PAR
                                  00001058         0   none ,l         * 
  _charget
                                  0000105c         0   none ,g         * 
  I_PAR
                                  00001078         0   none ,l         * 
FILE=C:\WorkSpace\renesas\sh7286_hew_sim_unity\sh7286_hew_sim\SimDebug_SH2A-FPU_Func\lowsrc.obj
                                  0000107c  00001233       1b8
  _open
                                  0000107c        52   func ,g         * 
  _close
                                  000010ce        1a   func ,g         * 
  _read
                                  000010e8        3c   func ,g         * 
  _write
                                  00001124        30   func ,g         * 
  _lseek
                                  00001154         4   func ,g         * 
  __INIT_IOLIB
                                  00001158        7e   func ,g         * 
  __CLOSEALL
                                  000011d6        5e   func ,g         * 
FILE=C:\WorkSpace\renesas\sh7286_hew_sim_unity\sh7286_hew_sim\SimDebug_SH2A-FPU_Func\ProductionCode.obj
                                  00001234  00001257        24
  _FindFunction_WhichIsBroken
                                  00001234        16   func ,g         * 
  _FunctionWhichReturnsLocalVariable
                                  0000124a         e   func ,g         * 
FILE=C:\WorkSpace\renesas\sh7286_hew_sim_unity\sh7286_hew_sim\SimDebug_SH2A-FPU_Func\ProductionCode2.obj
                                  00001258  0000125b         4
  _ThisFunctionHasNotBeenTested
                                  00001258         4   func ,g         * 
FILE=C:\WorkSpace\renesas\sh7286_hew_sim_unity\sh7286_hew_sim\SimDebug_SH2A-FPU_Func\sbrk.obj
                                  0000125c  00001277        1c
  _sbrk
                                  0000125c        1c   func ,g         * 
FILE=C:\WorkSpace\renesas\sh7286_hew_sim_unity\sh7286_hew_sim\SimDebug_SH2A-FPU_Func\sh7286_hew_sim.obj
                                  00001278  000012ab        34
  _main
                                  00001278        34   func ,g         * 
FILE=C:\WorkSpace\renesas\sh7286_hew_sim_unity\sh7286_hew_sim\SimDebug_SH2A-FPU_Func\TestProductionCode.obj
                                  000012ac  000014ef       244
  _TEST_ProductionCode_SETUP
                                  000012ac         a   func ,g         * 
  _TEST_ProductionCode_TEAR_DOWN
                                  000012b6         2   func ,g         * 
  _TEST_ProductionCode_FindFunction_WhichIsBroken_ShouldReturnZeroIfItemIsNotInList_WhichWorksEvenInOurBrokenCode_run
                                  000012b8        26   func ,g         * 
  _TEST_ProductionCode_FindFunction_WhichIsBroken_ShouldReturnZeroIfItemIsNotInList_WhichWorksEvenInOurBrokenCode_
                                  000012de        6a   func ,g         * 
  _TEST_ProductionCode_FindFunction_WhichIsBroken_ShouldReturnTheIndexForItemsInList_WhichWillFailBecauseOurFunctionUnderTestIsBroken_run
                                  00001348        26   func ,g         * 
  _TEST_ProductionCode_FindFunction_WhichIsBroken_ShouldReturnTheIndexForItemsInList_WhichWillFailBecauseOurFunctionUnderTestIsBroken_
                                  0000136e        38   func ,g         * 
  _TEST_ProductionCode_FunctionWhichReturnsLocalVariable_ShouldReturnTheCurrentCounterValue_run
                                  000013a6        26   func ,g         * 
  _TEST_ProductionCode_FunctionWhichReturnsLocalVariable_ShouldReturnTheCurrentCounterValue_
                                  000013cc        3c   func ,g         * 
  _TEST_ProductionCode_FunctionWhichReturnsLocalVariable_ShouldReturnTheCurrentCounterValueAgain_run
                                  00001408        26   func ,g         * 
  _TEST_ProductionCode_FunctionWhichReturnsLocalVariable_ShouldReturnTheCurrentCounterValueAgain_
                                  0000142e        1e   func ,g         * 
  _TEST_ProductionCode_FunctionWhichReturnsLocalVariable_ShouldReturnCurrentCounter_ButFailsBecauseThisTestIsActuallyFlawed_run
                                  0000144c        26   func ,g         * 
  _TEST_ProductionCode_FunctionWhichReturnsLocalVariable_ShouldReturnCurrentCounter_ButFailsBecauseThisTestIsActuallyFlawed_
                                  00001472        7e   func ,g         * 
FILE=C:\WorkSpace\renesas\sh7286_hew_sim_unity\sh7286_hew_sim\SimDebug_SH2A-FPU_Func\TestProductionCode2.obj
                                  000014f0  000015c3        d4
  _TEST_ProductionCode2_SETUP
                                  000014f0         2   func ,g         * 
  _TEST_ProductionCode2_TEAR_DOWN
                                  000014f2         2   func ,g         * 
  _TEST_ProductionCode2_IgnoredTest_run
                                  000014f4        26   func ,g         * 
  _TEST_ProductionCode2_IgnoredTest_
                                  0000151a         8   func ,g         * 
  _TEST_ProductionCode2_AnotherIgnoredTest_run
                                  00001522        26   func ,g         * 
  _TEST_ProductionCode2_AnotherIgnoredTest_
                                  00001548         8   func ,g         * 
  _TEST_ProductionCode2_ThisFunctionHasNotBeenTested_NeedsToBeImplemented_run
                                  00001550        26   func ,g         * 
  _TEST_ProductionCode2_ThisFunctionHasNotBeenTested_NeedsToBeImplemented_
                                  00001576        4e   func ,g         * 
FILE=C:\WorkSpace\renesas\sh7286_hew_sim_unity\sh7286_hew_sim\SimDebug_SH2A-FPU_Func\TestProductionCode2_Runner.obj
                                  000015c4  000015df        1c
  _TEST_ProductionCode2_GROUP_RUNNER
                                  000015c4        1c   func ,g         * 
FILE=C:\WorkSpace\renesas\sh7286_hew_sim_unity\sh7286_hew_sim\SimDebug_SH2A-FPU_Func\TestProductionCode_Runner.obj
                                  000015e0  0000160b        2c
  _TEST_ProductionCode_GROUP_RUNNER
                                  000015e0        2c   func ,g         * 
FILE=C:\WorkSpace\renesas\sh7286_hew_sim_unity\sh7286_hew_sim\SimDebug_SH2A-FPU_Func\unity.obj
                                  0000160c  00003597      1f8c
  _UnityPrint
                                  0000160c       1ea   func ,g         * 
  _UnityPrintLen
                                  000017f6       206   func ,g         * 
  _UnityPrintNumberByStyle
                                  000019fc        b4   func ,g         * 
  _UnityPrintNumber
                                  00001ab0        4e   func ,g         * 
  _UnityPrintNumberUnsigned
                                  00001afe        94   func ,g         * 
  _UnityPrintNumberHex
                                  00001b92        ee   func ,g         * 
  _UnityPrintMask
                                  00001c80        d8   func ,g         * 
  _UnityPrintFloat
                                  00001d58       49c   func ,g         * 
  _UnityTestResultsBegin
                                  000021f4        d6   func ,l         * 
  _UnityTestResultsFailBegin
                                  000022ca        5a   func ,l         * 
  _UnityConcludeTest
                                  00002324        a6   func ,g         * 
  _UnityAddMsgIfSpecified
                                  000023ca        48   func ,l         * 
  _UnityPrintExpectedAndActualStrings
                                  00002412       13e   func ,l         * 
  _UnityPrintExpectedAndActualStringsLen
                                  00002550       176   func ,l         * 
  _UnityIsOneArrayNull
                                  000026c6        34   func ,l         * 
  _UnityAssertBits
                                  000026fa        62   func ,g         * 
  _UnityAssertEqualNumber
                                  0000275c        50   func ,g         * 
  _UnityAssertGreaterOrLessOrEqualNumber
                                  000027ac        da   func ,g         * 
  _UnityAssertEqualIntArray
                                  00002886       13e   func ,g         * 
  _UnityFloatsWithin
                                  000029c4        cc   func ,l         * 
  _UnityAssertEqualFloatArray
                                  00002a90        d4   func ,g         * 
  _UnityAssertFloatsWithin
                                  00002b64        9c   func ,g         * 
  _UnityAssertFloatSpecial
                                  00002c00       15a   func ,g         * 
  _UnityAssertNumbersWithin
                                  00002d5a        c6   func ,g         * 
  _UnityAssertEqualString
                                  00002e20        66   func ,g         * 
  _UnityAssertEqualStringLen
                                  00002e86        72   func ,g         * 
  _UnityAssertEqualStringArray
                                  00002ef8       120   func ,g         * 
  _UnityAssertEqualMemory
                                  00003018       10a   func ,g         * 
  _UnityNumToPtr
                                  00003122        20   func ,g         * 
  _UnityFloatToPtr
                                  00003142         8   func ,g         * 
  _UnityFail
                                  0000314a       172   func ,g         * 
  _UnityIgnore
                                  000032bc        cc   func ,g         * 
  _UnityDefaultTestRun
                                  00003388        3c   func ,g         * 
  _UnityBegin
                                  000033c4        1a   func ,g         * 
  _UnityEnd
                                  000033de       1ba   func ,g         * 
FILE=C:\WorkSpace\renesas\sh7286_hew_sim_unity\sh7286_hew_sim\SimDebug_SH2A-FPU_Func\unity_fixture.obj
                                  00003598  00003cfb       764
  _setUp
                                  00003598         2   func ,g         * 
  _tearDown
                                  0000359a         2   func ,g         * 
  _announceTestRun
                                  0000359c        70   func ,l         * 
  _UnityMain
                                  0000360c        7a   func ,g         * 
  _selected
                                  00003686        1a   func ,l         * 
  _testSelected
                                  000036a0         8   func ,l         * 
  _groupSelected
                                  000036a8         8   func ,l         * 
  _UnityTestRunner
                                  000036b0       12c   func ,g         * 
  _UnityIgnoreTest
                                  000037dc        d6   func ,g         * 
  _UnityMalloc_StartTest
                                  000038b2         e   func ,g         * 
  _UnityMalloc_EndTest
                                  000038c0        1a   func ,g         * 
  _UnityMalloc_MakeMallocFailAfterCount
                                  000038da         6   func ,g         * 
  _unity_malloc
                                  000038e0        54   func ,g         * 
  _isOverrun
                                  00003934        24   func ,l         * 
  _release_memory
                                  00003958         e   func ,l         * 
  _unity_free
                                  00003966        28   func ,g         * 
  _unity_calloc
                                  0000398e        26   func ,g         * 
  _unity_realloc
                                  000039b4        b8   func ,g         * 
  _UnityPointer_Init
                                  00003a6c         8   func ,g         * 
  _UnityPointer_Set
                                  00003a74        2c   func ,g         * 
  _UnityPointer_UndoAllSets
                                  00003aa0        22   func ,g         * 
  _UnityGetCommandLineOptions
                                  00003ac2        f6   func ,g         * 
  _UnityConcludeFixtureTest
                                  00003bb8       144   func ,g         * 
FILE=longjmp
                                  00003cfc  00003d47        4c
  _longjmp
                                  00003cfc         0   none ,g         * 
  $CNCL_3
                                  00003d3e         0   none ,l         * 
  $CNCL_2
                                  00003d44         0   none ,l         * 
FILE=setjmp
                                  00003d48  00003d81        3a
  _setjmp
                                  00003d48         0   none ,g         * 
FILE=r_adds
                                  00003d84  00003ed7       154
  __subs
                                  00003d84         0   none ,g         * 
  __adds
                                  00003d8c         0   none ,g         * 
  $CNCL_8
                                  00003dac         0   none ,l         * 
  $CNCL_16
                                  00003dc8         0   none ,l         * 
  $CNCL_7
                                  00003de6         0   none ,l         * 
  $CNCL_18
                                  00003df0         0   none ,l         * 
  $CNCL_6
                                  00003e04         0   none ,l         * 
  $CNCL_15
                                  00003e06         0   none ,l         * 
  $CNCL_13
                                  00003e10         0   none ,l         * 
  $CNCL_10
                                  00003e1e         0   none ,l         * 
  $CNCL_17
                                  00003e30         0   none ,l         * 
  $CNCL_1
                                  00003e44         0   none ,l         * 
  $CNCL_2
                                  00003e50         0   none ,l         * 
  $CNCL_3
                                  00003e5e         0   none ,l         * 
  $CNCL_4
                                  00003e66         0   none ,l         * 
  $CNCL_5
                                  00003e6e         0   none ,l         * 
  $CNCL_11
                                  00003e7a         0   none ,l         * 
  $CNCL_12
                                  00003e8e         0   none ,l         * 
  $CNCL_22
                                  00003e9c         0   none ,l         * 
  $CNCL_9
                                  00003ea2         0   none ,l         * 
  $CNCL_24
                                  00003eb4         0   none ,l         * 
  $CNCL_14
                                  00003ebe         0   none ,l         * 
  $CNCL_21
                                  00003ec0         0   none ,l         * 
  $CNCL_20
                                  00003ec8         0   none ,l         * 
  $CNCL_19
                                  00003ed0         0   none ,l         * 
  $CNCL_23
                                  00003ed4         0   none ,l         * 
FILE=r_divs
                                  00003ed8  0000406f       198
  __divs
                                  00003ed8         0   none ,g         * 
  $CNCL_11
                                  00003f0e         0   none ,l         * 
  $CNCL_13
                                  00003f16         0   none ,l         * 
  $CNCL_8
                                  00003f68         0   none ,l         * 
  $CNCL_22
                                  00003f7c         0   none ,l         * 
  $CNCL_23
                                  00003f86         0   none ,l         * 
  $CNCL_14
                                  00003f92         0   none ,l         * 
  $CNCL_12
                                  00003fa8         0   none ,l         * 
  $CNCL_9
                                  00003fb2         0   none ,l         * 
  $CNCL_21
                                  00003fc0         0   none ,l         * 
  $CNCL_20
                                  00003fce         0   none ,l         * 
  $CNCL_19
                                  00003fd6         0   none ,l         * 
  $CNCL_24
                                  00003fe2         0   none ,l         * 
  $CNCL_25
                                  00003fea         0   none ,l         * 
  $CNCL_18
                                  00003ff0         0   none ,l         * 
  $CNCL_28
                                  00003ff4         0   none ,l         * 
  $CNCL_16
                                  00003ffc         0   none ,l         * 
  $CNCL_4
                                  00004000         0   none ,l         * 
  $CNCL_15
                                  0000400a         0   none ,l         * 
  $CNCL_2
                                  0000400a         0   none ,l         * 
  $CNCL_10
                                  00004014         0   none ,l         * 
  $CNCL_6
                                  00004024         0   none ,l         * 
  $CNCL_5
                                  00004032         0   none ,l         * 
  $CNCL_1
                                  00004040         0   none ,l         * 
  $CNCL_7
                                  00004048         0   none ,l         * 
  $CNCL_26
                                  00004064         0   none ,l         * 
  $CNCL_17
                                  00004064         0   none ,l         * 
  $CNCL_27
                                  00004068         0   none ,l         * 
  $CNCL_3
                                  0000406c         0   none ,l         * 
FILE=r_eqs
                                  00004070  0000408b        1c
  __eqs
                                  00004070         0   none ,g         * 
  $CNCL_2
                                  0000407e         0   none ,l         * 
  $CNCL_1
                                  00004088         0   none ,l         * 
FILE=r_gts
                                  0000408c  000040b3        28
  __gts
                                  0000408c         0   none ,g         * 
  $CNCL_1
                                  0000409c         0   none ,l         * 
  $CNCL_2
                                  000040a8         0   none ,l         * 
  $CNCL_4
                                  000040aa         0   none ,l         * 
  $CNCL_3
                                  000040b0         0   none ,l         * 
FILE=r_lts
                                  000040b4  000040db        28
  __lts
                                  000040b4         0   none ,g         * 
  $CNCL_1
                                  000040c4         0   none ,l         * 
  $CNCL_2
                                  000040d0         0   none ,l         * 
  $CNCL_4
                                  000040d2         0   none ,l         * 
  $CNCL_3
                                  000040d8         0   none ,l         * 
FILE=r_muls
                                  000040dc  000041f7       11c
  __muls
                                  000040dc         0   none ,g         * 
  $CNCL_6
                                  000040fa         0   none ,l         * 
  $CNCL_13
                                  00004116         0   none ,l         * 
  $CNCL_16
                                  00004134         0   none ,l         * 
  $CNCL_14
                                  00004140         0   none ,l         * 
  $CNCL_12
                                  00004156         0   none ,l         * 
  $CNCL_11
                                  00004164         0   none ,l         * 
  $CNCL_10
                                  00004172         0   none ,l         * 
  $CNCL_17
                                  0000417e         0   none ,l         * 
  $CNCL_18
                                  00004186         0   none ,l         * 
  $CNCL_9
                                  0000418c         0   none ,l         * 
  $CNCL_21
                                  00004190         0   none ,l         * 
  $CNCL_8
                                  00004198         0   none ,l         * 
  $CNCL_1
                                  000041a6         0   none ,l         * 
  $CNCL_2
                                  000041b2         0   none ,l         * 
  $CNCL_3
                                  000041c0         0   none ,l         * 
  $CNCL_4
                                  000041c8         0   none ,l         * 
  $CNCL_5
                                  000041d0         0   none ,l         * 
  $CNCL_7
                                  000041d4         0   none ,l         * 
  $CNCL_19
                                  000041f0         0   none ,l         * 
  $CNCL_15
                                  000041f0         0   none ,l         * 
  $CNCL_20
                                  000041f4         0   none ,l         * 
FILE=r_negs
                                  000041f8  000041ff         8
  __negs
                                  000041f8         0   none ,g         * 
FILE=r_nes
                                  00004200  0000421f        20
  __nes
                                  00004200         0   none ,g         * 
  $CNCL_2
                                  00004210         0   none ,l         * 
  $CNCL_1
                                  0000421c         0   none ,l         * 
FILE=r_stoi
                                  00004220  0000425b        3c
  __stou
                                  00004220         0   none ,g         * 
  __stoi
                                  00004220         0   none ,g         * 
  $CNCL_1
                                  0000424e         0   none ,l         * 
  $CNCL_2
                                  00004256         0   none ,l         * 
FILE=__initsct
                                  0000425c  0000433f        e4
  __INITSCT
                                  0000425c         0   none ,g         * 
  $CNCL_15
                                  00004272         0   none ,l         * 
  $CNCL_10
                                  00004296         0   none ,l         * 
  $CNCL_19
                                  0000429a         0   none ,l         * 
  $CNCL_16
                                  000042a2         0   none ,l         * 
  $CNCL_5
                                  000042a6         0   none ,l         * 
  $CNCL_14
                                  000042ae         0   none ,l         * 
  $CNCL_3
                                  000042b2         0   none ,l         * 
  $CNCL_4
                                  000042b6         0   none ,l         * 
  $CNCL_17
                                  000042c2         0   none ,l         * 
  $CNCL_2
                                  000042ee         0   none ,l         * 
  $CNCL_13
                                  000042f4         0   none ,l         * 
  $CNCL_11
                                  000042fc         0   none ,l         * 
  $CNCL_18
                                  00004302         0   none ,l         * 
  $CNCL_7
                                  00004308         0   none ,l         * 
  $CNCL_1
                                  00004310         0   none ,l         * 
  $CNCL_12
                                  00004316         0   none ,l         * 
  $CNCL_6
                                  0000431a         0   none ,l         * 
  $CNCL_8
                                  00004330         0   none ,l         * 
  $CNCL_20
                                  00004334         0   none ,l         * 
  $CNCL_9
                                  00004338         0   none ,l         * 
  $CNCL_21
                                  0000433c         0   none ,l         * 
FILE=__strcmp
                                  00004340  00004417        d8
  __slow_strcmp1
                                  00004340         0   none ,g         * 
  __quick_strcmp1
                                  0000437a         0   none ,g         * 
  $CNCL_2
                                  0000437c         0   none ,l         * 
  $CNCL_4
                                  000043c4         0   none ,l         * 
  $CNCL_1
                                  000043c8         0   none ,l         * 
  $CNCL_3
                                  000043cc         0   none ,l         * 
  $CNCL_5
                                  00004414         0   none ,l         * 
FILE=_flshbuf
                                  00004418  000044e3        cc
  __flshbuf
                                  00004418        cc   func ,g         * 
FILE=_putcsub
                                  000044e4  000044fb        18
  __putcsub
                                  000044e4        18   func ,g         * 
FILE=fclose
                                  000044fc  00004537        3c
  _fclose
                                  000044fc        3c   func ,g         * 
FILE=free
                                  00004538  000045bb        84
  __free
                                  00004538        84   func ,g         * 
  _free
                                  00004538         0   func ,g         * 
FILE=freopen
                                  000045bc  00004613        58
  _freopen
                                  000045bc        58   func ,g         * 
FILE=malloc
                                  00004614  000046d7        c4
  __malloc
                                  00004614        84   func ,g         * 
  _malloc
                                  00004614         0   func ,g         * 
  __morecor
                                  00004698        40   func ,l         * 
FILE=memcpy
                                  000046d8  00004a05       32e
  _memcpy
                                  000046d8        28   func ,g         * 
  _memcpy1
                                  00004700        8a   func ,l         * 
  _moveLong1
                                  0000478a       1e2   func ,l         * 
  _quick_move1
                                  0000496c        5e   func ,l         * 
  _moveLong
                                  000049ca        2c   func ,l         * 
  _moveChar1
                                  000049f6        10   func ,l         * 
FILE=memset
                                  00004a08  00004a63        5c
  _memset
                                  00004a08        5c   func ,g         * 
FILE=printf
                                  00004a64  00004a9f        3c
  _printf
                                  00004a64        3c   func ,g         * 
FILE=strstr
                                  00004aa0  00004aef        50
  _strstr
                                  00004aa0        50   func ,g         * 
FILE=_alocbuf
                                  00004af0  00004b5b        6c
  __alocbuf
                                  00004af0        6c   func ,g         * 
FILE=_flclose
                                  00004b5c  00004bf3        98
  __flclose
                                  00004b5c        98   func ,g         * 
FILE=_flopen
                                  00004bf4  00004d1b       128
  __flopen
                                  00004bf4       128   func ,g         * 
FILE=_fmtout
                                  00004d1c  000063ab      1690
  __fmtout
                                  00004d1c       a5e   func ,g         * 
  __lltostr
                                  0000577a       286   func ,l         * 
  __ltostr
                                  00005a00       1c2   func ,l         * 
  __xtostr
                                  00005bc2       71e   func ,l         * 
  __round
                                  000062e0        5c   func ,l         * 
  __putstr
                                  0000633c        46   func ,l         * 
  __putnull
                                  00006382         e   func ,l         * 
  __puterr
                                  00006390        1c   func ,l         * 
FILE=fputc
                                  000063ac  00006453        a8
  _fputc
                                  000063ac        a8   func ,g         * 
FILE=memcmp
                                  00006454  0000647f        2c
  _memcmp
                                  00006454        2c   func ,g         * 
FILE=strlen
                                  00006480  0000648d         e
  _strlen
                                  00006480         e   func ,g         * 
FILE=r_ned_a
                                  00006490  00006523        94
  __ned_a
                                  00006490         0   none ,g         * 
  $CNCL_10
                                  000064c2         0   none ,l         * 
  $CNCL_2
                                  000064c6         0   none ,l         * 
  $CNCL_5
                                  000064ca         0   none ,l         * 
  $CNCL_3
                                  000064d6         0   none ,l         * 
  $CNCL_7
                                  000064d8         0   none ,l         * 
  $CNCL_1
                                  000064ea         0   none ,l         * 
  $CNCL_4
                                  000064f6         0   none ,l         * 
  $CNCL_6
                                  00006502         0   none ,l         * 
  $CNCL_8
                                  0000651c         0   none ,l         * 
  $CNCL_9
                                  00006520         0   none ,l         * 
FILE=__cmpgt64u
                                  00006524  00006539        16
  __cmpgt64u
                                  00006524         0   none ,g         * 
  $CNCL_1
                                  00006532         0   none ,l         * 
FILE=__div64u
                                  0000653c  000067c9       28e
  __div64u
                                  0000653c         0   none ,g         * 
  $CNCL_18
                                  00006558         0   none ,l         * 
  $CNCL_13
                                  00006580         0   none ,l         * 
  $CNCL_14
                                  000065a0         0   none ,l         * 
  $CNCL_15
                                  000065a4         0   none ,l         * 
  $CNCL_7
                                  000065bc         0   none ,l         * 
  $CNCL_12
                                  000065dc         0   none ,l         * 
  $CNCL_16
                                  000065f8         0   none ,l         * 
  $CNCL_3
                                  00006608         0   none ,l         * 
  $CNCL_10
                                  00006614         0   none ,l         * 
  $CNCL_4
                                  00006618         0   none ,l         * 
  $CNCL_6
                                  00006622         0   none ,l         * 
  $CNCL_1
                                  00006626         0   none ,l         * 
  $CNCL_9
                                  00006646         0   none ,l         * 
  $CNCL_17
                                  0000665a         0   none ,l         * 
  $CNCL_8
                                  000066a6         0   none ,l         * 
  $CNCL_5
                                  000066b2         0   none ,l         * 
  $CNCL_2
                                  00006738         0   none ,l         * 
  $CNCL_11
                                  000067bc         0   none ,l         * 
FILE=__mod64u
                                  000067cc  00006a53       288
  __mod64u
                                  000067cc         0   none ,g         * 
  $CNCL_18
                                  000067e8         0   none ,l         * 
  $CNCL_14
                                  00006812         0   none ,l         * 
  $CNCL_13
                                  00006816         0   none ,l         * 
  $CNCL_15
                                  00006836         0   none ,l         * 
  $CNCL_7
                                  0000684e         0   none ,l         * 
  $CNCL_12
                                  0000686e         0   none ,l         * 
  $CNCL_16
                                  0000688a         0   none ,l         * 
  $CNCL_3
                                  00006894         0   none ,l         * 
  $CNCL_10
                                  000068a0         0   none ,l         * 
  $CNCL_4
                                  000068a4         0   none ,l         * 
  $CNCL_6
                                  000068ac         0   none ,l         * 
  $CNCL_1
                                  000068b0         0   none ,l         * 
  $CNCL_9
                                  000068d0         0   none ,l         * 
  $CNCL_17
                                  000068e4         0   none ,l         * 
  $CNCL_8
                                  00006930         0   none ,l         * 
  $CNCL_5
                                  0000693c         0   none ,l         * 
  $CNCL_2
                                  000069c2         0   none ,l         * 
  $CNCL_11
                                  00006a46         0   none ,l         * 
FILE=_its
                                  00006a54  00006b4b        f8
  __its
                                  00006a54        f8   func ,g         * 
FILE=_xti
                                  00006b4c  00006d93       248
  __xti
                                  00006b4c       248   func ,g         * 
FILE=_allzero
                                  00006d94  00006da9        16
  __allzero
                                  00006d94        16   func ,g         * 
FILE=_calcnpw
                                  00006dac  00006e8b        e0
  __calcnpw
                                  00006dac        e0   func ,g         * 
FILE=_log10
                                  00006e8c  000070e7       25c
  __log10
                                  00006e8c        60   func ,g         * 
  _frexp
                                  00006eec        d6   func ,l         * 
  _modf
                                  00006fc2       126   func ,l         * 
FILE=_lsfts
                                  000070e8  00007137        50
  __lsfts
                                  000070e8        50   func ,g         * 
FILE=_pow5
                                  00007138  00007153        1c
  __pow5
                                  00007138        1c   func ,g         * 
FILE=_rsfts
                                  00007154  000071a5        52
  __rsfts
                                  00007154        52   func ,g         * 
FILE=_sub
                                  000071a8  00007211        6a
  __sub
                                  000071a8        6a   func ,g         * 
FILE=_umemcmp
                                  00007214  0000723f        2c
  __umemcmp
                                  00007214        2c   func ,g         * 
FILE=_unpack
                                  00007240  000072bb        7c
  __unpack
                                  00007240        7c   func ,g         * 
FILE=r_addd_a
                                  000072bc  00007567       2ac
  __subd_a
                                  000072bc         0   none ,g         * 
  $CNCL_34
                                  000072cc         0   none ,l         * 
  __addd_a
                                  000072d0         0   none ,g         * 
  $CNCL_26
                                  000072d6         0   none ,l         * 
  $CNCL_29
                                  00007306         0   none ,l         * 
  $CNCL_37
                                  0000730a         0   none ,l         * 
  $CNCL_11
                                  00007316         0   none ,l         * 
  $CNCL_24
                                  00007334         0   none ,l         * 
  $CNCL_27
                                  0000736c         0   none ,l         * 
  $CNCL_40
                                  0000737e         0   none ,l         * 
  $CNCL_2
                                  00007394         0   none ,l         * 
  $CNCL_9
                                  0000739a         0   none ,l         * 
  $CNCL_31
                                  000073aa         0   none ,l         * 
  $CNCL_25
                                  000073e2         0   none ,l         * 
  $CNCL_7
                                  000073fc         0   none ,l         * 
  $CNCL_23
                                  00007400         0   none ,l         * 
  $CNCL_20
                                  00007412         0   none ,l         * 
  $CNCL_38
                                  00007424         0   none ,l         * 
  $CNCL_19
                                  0000742a         0   none ,l         * 
  $CNCL_16
                                  00007446         0   none ,l         * 
  $CNCL_1
                                  0000745c         0   none ,l         * 
  $CNCL_30
                                  00007460         0   none ,l         * 
  $CNCL_41
                                  0000746e         0   none ,l         * 
  $CNCL_3
                                  0000747e         0   none ,l         * 
  $CNCL_4
                                  00007492         0   none ,l         * 
  $CNCL_5
                                  000074ac         0   none ,l         * 
  $CNCL_6
                                  000074bc         0   none ,l         * 
  $CNCL_8
                                  000074c8         0   none ,l         * 
  $CNCL_21
                                  000074e4         0   none ,l         * 
  $CNCL_18
                                  000074f0         0   none ,l         * 
  $CNCL_33
                                  000074fc         0   none ,l         * 
  $CNCL_14
                                  0000750e         0   none ,l         * 
  $CNCL_28
                                  00007526         0   none ,l         * 
  $CNCL_36
                                  0000752e         0   none ,l         * 
  $CNCL_42
                                  00007532         0   none ,l         * 
  $CNCL_22
                                  00007544         0   none ,l         * 
  $CNCL_15
                                  00007548         0   none ,l         * 
  $CNCL_32
                                  0000754c         0   none ,l         * 
  $CNCL_12
                                  00007550         0   none ,l         * 
  $CNCL_35
                                  00007554         0   none ,l         * 
  $CNCL_10
                                  00007558         0   none ,l         * 
  $CNCL_39
                                  0000755c         0   none ,l         * 
  $CNCL_13
                                  00007560         0   none ,l         * 
  $CNCL_17
                                  00007564         0   none ,l         * 
FILE=r_dtoi_a
                                  00007568  000075f3        8c
  __dtoi_a
                                  00007568         0   none ,g         * 
  __dtou_a
                                  00007568         0   none ,g         * 
  $CNCL_4
                                  000075a8         0   none ,l         * 
  $CNCL_3
                                  000075b2         0   none ,l         * 
  $CNCL_1
                                  000075ba         0   none ,l         * 
  $CNCL_10
                                  000075c4         0   none ,l         * 
  $CNCL_6
                                  000075c6         0   none ,l         * 
  $CNCL_11
                                  000075cc         0   none ,l         * 
  $CNCL_7
                                  000075d2         0   none ,l         * 
  $CNCL_2
                                  000075d2         0   none ,l         * 
  $CNCL_13
                                  000075de         0   none ,l         * 
  $CNCL_9
                                  000075e4         0   none ,l         * 
  $CNCL_12
                                  000075e8         0   none ,l         * 
  $CNCL_8
                                  000075ec         0   none ,l         * 
  $CNCL_5
                                  000075f0         0   none ,l         * 
FILE=r_eqd_a
                                  000075f4  00007687        94
  __eqd_a
                                  000075f4         0   none ,g         * 
  $CNCL_10
                                  00007626         0   none ,l         * 
  $CNCL_2
                                  0000762a         0   none ,l         * 
  $CNCL_4
                                  0000762e         0   none ,l         * 
  $CNCL_6
                                  0000763a         0   none ,l         * 
  $CNCL_7
                                  0000763c         0   none ,l         * 
  $CNCL_1
                                  0000764e         0   none ,l         * 
  $CNCL_3
                                  0000765a         0   none ,l         * 
  $CNCL_5
                                  00007666         0   none ,l         * 
  $CNCL_8
                                  00007680         0   none ,l         * 
  $CNCL_9
                                  00007684         0   none ,l         * 
FILE=r_itod_a
                                  00007688  000076d7        50
  __itod_a
                                  00007688         0   none ,g         * 
  $CNCL_1
                                  0000769c         0   none ,l         * 
  $CNCL_2
                                  0000769e         0   none ,l         * 
  $CNCL_3
                                  000076c0         0   none ,l         * 
  $CNCL_5
                                  000076ce         0   none ,l         * 
  $CNCL_4
                                  000076d4         0   none ,l         * 
FILE=r_ltd_a
                                  000076d8  0000777f        a8
  __ltd_a
                                  000076d8         0   none ,g         * 
  $CNCL_11
                                  0000770a         0   none ,l         * 
  $CNCL_2
                                  0000770e         0   none ,l         * 
  $CNCL_4
                                  00007712         0   none ,l         * 
  $CNCL_9
                                  00007724         0   none ,l         * 
  $CNCL_12
                                  0000772c         0   none ,l         * 
  $CNCL_7
                                  00007730         0   none ,l         * 
  $CNCL_1
                                  00007742         0   none ,l         * 
  $CNCL_3
                                  0000774e         0   none ,l         * 
  $CNCL_5
                                  0000775a         0   none ,l         * 
  $CNCL_6
                                  00007772         0   none ,l         * 
  $CNCL_8
                                  00007778         0   none ,l         * 
  $CNCL_10
                                  0000777c         0   none ,l         * 
FILE=r_muld_a
                                  00007780  000079e3       264
  __muld_a
                                  00007780         0   none ,g         * 
  $CNCL_22
                                  000077ba         0   none ,l         * 
  $CNCL_29
                                  000077be         0   none ,l         * 
  $CNCL_27
                                  000077c2         0   none ,l         * 
  $CNCL_31
                                  000077c6         0   none ,l         * 
  $CNCL_7
                                  000077d2         0   none ,l         * 
  $CNCL_20
                                  000077f0         0   none ,l         * 
  $CNCL_12
                                  0000786e         0   none ,l         * 
  $CNCL_23
                                  00007878         0   none ,l         * 
  $CNCL_21
                                  000078a8         0   none ,l         * 
  $CNCL_19
                                  000078ca         0   none ,l         * 
  $CNCL_30
                                  000078d4         0   none ,l         * 
  $CNCL_25
                                  000078dc         0   none ,l         * 
  $CNCL_16
                                  000078e0         0   none ,l         * 
  $CNCL_32
                                  000078f2         0   none ,l         * 
  $CNCL_33
                                  000078f8         0   none ,l         * 
  $CNCL_14
                                  000078fe         0   none ,l         * 
  $CNCL_36
                                  00007906         0   none ,l         * 
  $CNCL_10
                                  0000790c         0   none ,l         * 
  $CNCL_1
                                  00007922         0   none ,l         * 
  $CNCL_2
                                  00007932         0   none ,l         * 
  $CNCL_3
                                  00007946         0   none ,l         * 
  $CNCL_4
                                  00007960         0   none ,l         * 
  $CNCL_5
                                  00007970         0   none ,l         * 
  $CNCL_6
                                  0000797c         0   none ,l         * 
  $CNCL_9
                                  00007982         0   none ,l         * 
  $CNCL_13
                                  0000799e         0   none ,l         * 
  $CNCL_18
                                  000079bc         0   none ,l         * 
  $CNCL_11
                                  000079c0         0   none ,l         * 
  $CNCL_24
                                  000079c4         0   none ,l         * 
  $CNCL_17
                                  000079c8         0   none ,l         * 
  $CNCL_15
                                  000079cc         0   none ,l         * 
  $CNCL_8
                                  000079d0         0   none ,l         * 
  $CNCL_34
                                  000079d4         0   none ,l         * 
  $CNCL_35
                                  000079d8         0   none ,l         * 
  $CNCL_26
                                  000079dc         0   none ,l         * 
  $CNCL_28
                                  000079e0         0   none ,l         * 
FILE=_div64
                                  000079e4  00007b63       180
  __div64
                                  000079e4       180   func ,g         * 
FILE=_duchek
                                  00007b64  00007b8f        2c
  __duchek
                                  00007b64        2c   func ,g         * 
FILE=_lsft
                                  00007b90  00007bbd        2e
  __lsft
                                  00007b90        2e   func ,g         * 
FILE=_mult64
                                  00007bc0  00007c1f        60
  __mult64
                                  00007bc0        60   func ,g         * 
FILE=_power
                                  00007c20  00007d7b       15c
  __power
                                  00007c20       15c   func ,g         * 
FILE=_rnd
                                  00007d7c  00007e3d        c2
  __rnd
                                  00007d7c        c2   func ,g         * 
FILE=_setsbit
                                  00007e40  00007eb9        7a
  __setsbit
                                  00007e40        7a   func ,g         * 
FILE=_add
                                  00007ebc  00007eff        44
  __add
                                  00007ebc        44   func ,g         * 
FILE=_mult
                                  00007f00  00008003       104
  __mult
                                  00007f00       104   func ,g         * 
FILE=_pow10
                                  00008004  0000807f        7c
  __pow10
                                  00008004        7c   func ,g         * 
FILE=_rsft
                                  00008080  000080a9        2a
  __rsft
                                  00008080        2a   func ,g         * 

SECTION=C
FILE=C:\WorkSpace\renesas\sh7286_hew_sim_unity\sh7286_hew_sim\SimDebug_SH2A-FPU_Func\all_tests.obj
                                  000080ac  000080af         4
FILE=C:\WorkSpace\renesas\sh7286_hew_sim_unity\sh7286_hew_sim\SimDebug_SH2A-FPU_Func\lowsrc.obj
                                  000080b0  000080d1        22
  __nfiles
                                  000080b0         4   data ,g         * 
FILE=C:\WorkSpace\renesas\sh7286_hew_sim_unity\sh7286_hew_sim\SimDebug_SH2A-FPU_Func\sh7286_hew_sim.obj
                                  000080d4  000080dd         a
FILE=C:\WorkSpace\renesas\sh7286_hew_sim_unity\sh7286_hew_sim\SimDebug_SH2A-FPU_Func\TestProductionCode.obj
                                  000080e0  0000854c       46d
FILE=C:\WorkSpace\renesas\sh7286_hew_sim_unity\sh7286_hew_sim\SimDebug_SH2A-FPU_Func\TestProductionCode2.obj
                                  00008550  00008721       1d2
FILE=C:\WorkSpace\renesas\sh7286_hew_sim_unity\sh7286_hew_sim\SimDebug_SH2A-FPU_Func\unity.obj
                                  00008724  00008937       214
  _UnityStrOk
                                  00008724         3   data ,l         * 
  _UnityStrPass
                                  00008727         5   data ,l         * 
  _UnityStrFail
                                  0000872c         5   data ,l         * 
  _UnityStrIgnore
                                  00008731         7   data ,l         * 
  _UnityStrNull
                                  00008738         5   data ,l         * 
  _UnityStrSpacer
                                  0000873d         3   data ,l         * 
  _UnityStrExpected
                                  00008740         b   data ,l         * 
  _UnityStrWas
                                  0000874b         6   data ,l         * 
  _UnityStrGt
                                  00008751        15   data ,l         * 
  _UnityStrLt
                                  00008766        12   data ,l         * 
  _UnityStrOrEqual
                                  00008778         d   data ,l         * 
  _UnityStrElement
                                  00008785         a   data ,l         * 
  _UnityStrByte
                                  0000878f         7   data ,l         * 
  _UnityStrMemory
                                  00008796        12   data ,l         * 
  _UnityStrDelta
                                  000087a8        1a   data ,l         * 
  _UnityStrPointless
                                  000087c2        37   data ,l         * 
  _UnityStrNullPointerForExpected
                                  000087f9        1d   data ,l         * 
  _UnityStrNullPointerForActual
                                  00008816        19   data ,l         * 
  _UnityStrNot
                                  0000882f         5   data ,l         * 
  _UnityStrInf
                                  00008834         9   data ,l         * 
  _UnityStrNegInf
                                  0000883d        12   data ,l         * 
  _UnityStrNaN
                                  0000884f         4   data ,l         * 
  _UnityStrDet
                                  00008853         c   data ,l         * 
  _UnityStrInvalidFloatTrait
                                  0000885f        14   data ,l         * 
  _UnityStrErrFloat
                                  00008873        1e   data ,g         * 
  _UnityStrErrDouble
                                  00008891        20   data ,g         * 
  _UnityStrErr64
                                  000088b1        1e   data ,g         * 
  _UnityStrBreaker
                                  000088cf        18   data ,l         * 
  _UnityStrResultsTests
                                  000088e7         8   data ,l         * 
  _UnityStrResultsFailures
                                  000088ef         b   data ,l         * 
  _UnityStrResultsIgnored
                                  000088fa         a   data ,l         * 
  _UnityStrDetail1Name
                                  00008904         a   data ,l         * 
  _UnityStrDetail2Name
                                  0000890e         b   data ,l         * 
FILE=C:\WorkSpace\renesas\sh7286_hew_sim_unity\sh7286_hew_sim\SimDebug_SH2A-FPU_Func\unity_fixture.obj
                                  00008938  000089e9        b2
  _end
                                  00008938         4   data ,l         * 
FILE=_flopen
                                  000089ec  00008a02        17
FILE=_sbrk_si
                                  00008a04  00008a07         4
  __sbrk_size
                                  00008a04         4   data ,g         * 
FILE=_ctype
                                  00008a08  00008b07       100
  __ctype
                                  00008a08       100   data ,g         * 
FILE=_its
                                  00008b08  00008b8f        88
  _table$8
                                  00008b08        88   data ,l         * 
FILE=_pow5
                                  00008b90  00008c6f        e0
  _w$4
                                  00008b90        e0   data ,l         * 
FILE=_power
                                  00008c70  00008d0f        a0
  _conmnts$14
                                  00008c70        80   data ,l         * 
  _conexp$15
                                  00008cf0        20   data ,l         * 

SECTION=C$BSEC
FILE=C:\WorkSpace\renesas\sh7286_hew_sim_unity\sh7286_hew_sim\SimDebug_SH2A-FPU_Func\dbsct.obj
                                  00008d10  00008d17         8
  _BTBL
                                  00008d10         8   data ,l         * 

SECTION=C$DSEC
FILE=C:\WorkSpace\renesas\sh7286_hew_sim_unity\sh7286_hew_sim\SimDebug_SH2A-FPU_Func\dbsct.obj
                                  00008d18  00008d23         c
  _DTBL
                                  00008d18         c   data ,l         * 

SECTION=D
FILE=C:\WorkSpace\renesas\sh7286_hew_sim_unity\sh7286_hew_sim\SimDebug_SH2A-FPU_Func\ProductionCode.obj
                                  00008d24  00008d4b        28
FILE=C:\WorkSpace\renesas\sh7286_hew_sim_unity\sh7286_hew_sim\SimDebug_SH2A-FPU_Func\sbrk.obj
                                  00008d4c  00008d4f         4
FILE=C:\WorkSpace\renesas\sh7286_hew_sim_unity\sh7286_hew_sim\SimDebug_SH2A-FPU_Func\TestProductionCode.obj
                                  00008d50  00008d53         4
FILE=C:\WorkSpace\renesas\sh7286_hew_sim_unity\sh7286_hew_sim\SimDebug_SH2A-FPU_Func\TestProductionCode2.obj
                                  00008d54  00008d57         4
FILE=C:\WorkSpace\renesas\sh7286_hew_sim_unity\sh7286_hew_sim\SimDebug_SH2A-FPU_Func\unity_fixture.obj
                                  00008d58  00008d5f         8
FILE=_freeptr
                                  00008d60  00008d63         4

SECTION=B
FILE=C:\WorkSpace\renesas\sh7286_hew_sim_unity\sh7286_hew_sim\SimDebug_SH2A-FPU_Func\lowlvl.obj
                                  fff80000  fff80007         8
  OUT_BUF
                                  fff80000         0   none ,l         * 
  IN_BUF
                                  fff80004         0   none ,l         * 
FILE=C:\WorkSpace\renesas\sh7286_hew_sim_unity\sh7286_hew_sim\SimDebug_SH2A-FPU_Func\lowsrc.obj
                                  fff80008  fff801bf       1b8
  __iob
                                  fff80008       190   data ,g         * 
  _sml_buf
                                  fff80198        14   data ,g         * 
  _flmod
                                  fff801ac        14   data ,g         * 
FILE=C:\WorkSpace\renesas\sh7286_hew_sim_unity\sh7286_hew_sim\SimDebug_SH2A-FPU_Func\unity.obj
                                  fff801c0  fff8023b        7c
  _Unity
                                  fff801c0        78   data ,g         * 
  _UnityQuickCompare
                                  fff80238         4   data ,l         * 
FILE=C:\WorkSpace\renesas\sh7286_hew_sim_unity\sh7286_hew_sim\SimDebug_SH2A-FPU_Func\unity_fixture.obj
                                  fff8023c  fff80277        3c
  _UnityFixture
                                  fff8023c        10   data ,g         * 
  _malloc_count
                                  fff8024c         4   data ,l         * 
  _pointer_store
                                  fff80250        28   data ,l         * 
FILE=longjmp
                                  fff80278  fff8027b         4
  $CNCL_1
                                  fff80278         0   none ,l         * 
FILE=_errno
                                  fff8027c  fff8027f         4
  __errno
                                  fff8027c         4   data ,g         * 

SECTION=R
FILE=C:\WorkSpace\renesas\sh7286_hew_sim_unity\sh7286_hew_sim\SimDebug_SH2A-FPU_Func\ProductionCode.obj
                                  fff80280  fff802a7        28
  _Counter
                                  fff80280         4   data ,g         * 
  _NumbersToFind
                                  fff80284        24   data ,g         * 
FILE=C:\WorkSpace\renesas\sh7286_hew_sim_unity\sh7286_hew_sim\SimDebug_SH2A-FPU_Func\sbrk.obj
                                  fff802a8  fff802ab         4
  _brk
                                  fff802a8         4   data ,l         * 
FILE=C:\WorkSpace\renesas\sh7286_hew_sim_unity\sh7286_hew_sim\SimDebug_SH2A-FPU_Func\TestProductionCode.obj
                                  fff802ac  fff802af         4
  _TEST_GROUP_ProductionCode
                                  fff802ac         4   data ,l         * 
FILE=C:\WorkSpace\renesas\sh7286_hew_sim_unity\sh7286_hew_sim\SimDebug_SH2A-FPU_Func\TestProductionCode2.obj
                                  fff802b0  fff802b3         4
  _TEST_GROUP_ProductionCode2
                                  fff802b0         4   data ,l         * 
FILE=C:\WorkSpace\renesas\sh7286_hew_sim_unity\sh7286_hew_sim\SimDebug_SH2A-FPU_Func\unity_fixture.obj
                                  fff802b4  fff802bb         8
  _malloc_fail_countdown
                                  fff802b4         4   data ,l         * 
  _pointer_index
                                  fff802b8         4   data ,l         * 
FILE=_freeptr
                                  fff802bc  fff802bf         4
  __freeptr
                                  fff802bc         4   data ,g         * 

SECTION=BHeap
FILE=C:\WorkSpace\renesas\sh7286_hew_sim_unity\sh7286_hew_sim\SimDebug_SH2A-FPU_Func\sbrk.obj
                                  fff87800  fff87bff       400
  _heap_area
                                  fff87800       400   data ,l         * 

SECTION=S
FILE=C:\WorkSpace\renesas\sh7286_hew_sim_unity\sh7286_hew_sim\SimDebug_SH2A-FPU_Func\resetprg.obj
                                  fff87c00  fff87fff       400

Absolute value symbols
FILE=C:\WorkSpace\renesas\sh7286_hew_sim_unity\sh7286_hew_sim\SimDebug_SH2A-FPU_Func\lowlvl.obj
  SIM_IO
                                  00000000         0   none ,l         * 

*** Delete Symbols ***

SYMBOL                                SIZE    INFO

*** Variable Accessible with Abs8 ***

SYMBOL                                SIZE    COUNTS  OPTIMIZE

*** Variable Accessible with Abs16 ***

SYMBOL                                SIZE    COUNTS  OPTIMIZE

*** Function Call ***

SYMBOL                              COUNTS  OPTIMIZE
